crates/mq-lang/benches/mq_benches.mq: syntax=0 type=0 unresolved=0 dynamic=0
crates/mq-lang/builtin.mq: syntax=0 type=0 unresolved=535 dynamic=18
  unresolved: _json_parse, _regex_replace_matches, _sort_by_impl, abs, and, ceil, compact, del, dict, downcase, ends_with, entries, error, explode, flatten, floor, get, gsub, halt, has, http, implode, index, is_nan, is_regex_match, join, keys, len, log10, max, min, next, not, open_file, open_http, or, pow, print, range, read_bytes, read_file, read_line, regex_escape, regex_match, repeat, replace, reverse, round, scan, set, set_children, shift_left, shift_right, slice, sort, split, sqrt, starts_with, stderr, sub, to_array, to_date, to_markdown, to_md_name, to_number, to_string, to_text, trim, truncate, type, upcase
crates/mq-lang/builtin_tests.mq: syntax=0 type=13 unresolved=0 dynamic=0
  typechecker::type_mismatch
  typechecker::type_mismatch
  typechecker::type_mismatch
  typechecker::type_mismatch
  typechecker::type_mismatch
  typechecker::type_mismatch
  typechecker::type_mismatch
  typechecker::type_mismatch
  typechecker::type_mismatch
  typechecker::unification_error
  typechecker::unification_error
  typechecker::unification_error
  typechecker::unification_error
crates/mq-lang/modules/cbor.mq: syntax=0 type=0 unresolved=0 dynamic=0
crates/mq-lang/modules/csv.mq: syntax=0 type=0 unresolved=0 dynamic=0
crates/mq-lang/modules/csv_test.mq: syntax=0 type=0 unresolved=0 dynamic=0
crates/mq-lang/modules/fuzzy.mq: syntax=0 type=0 unresolved=0 dynamic=0
crates/mq-lang/modules/fuzzy_test.mq: syntax=0 type=0 unresolved=0 dynamic=0
crates/mq-lang/modules/gen.mq: syntax=0 type=0 unresolved=0 dynamic=0
crates/mq-lang/modules/gen_test.mq: syntax=0 type=0 unresolved=0 dynamic=0
crates/mq-lang/modules/gron.mq: syntax=0 type=0 unresolved=0 dynamic=0
crates/mq-lang/modules/gron_test.mq: syntax=0 type=0 unresolved=0 dynamic=0
crates/mq-lang/modules/json.mq: syntax=0 type=1 unresolved=0 dynamic=0
  typechecker::type_mismatch
crates/mq-lang/modules/json_test.mq: syntax=0 type=0 unresolved=0 dynamic=0
crates/mq-lang/modules/md.mq: syntax=0 type=0 unresolved=0 dynamic=0
crates/mq-lang/modules/md_test.mq: syntax=0 type=6 unresolved=0 dynamic=0
  typechecker::unification_error
  typechecker::unification_error
  typechecker::unification_error
  typechecker::unification_error
  typechecker::unification_error
  typechecker::unification_error
crates/mq-lang/modules/section.mq: syntax=0 type=0 unresolved=0 dynamic=0
crates/mq-lang/modules/section_test.mq: syntax=0 type=0 unresolved=0 dynamic=0
crates/mq-lang/modules/semver.mq: syntax=0 type=0 unresolved=0 dynamic=0
crates/mq-lang/modules/semver_test.mq: syntax=0 type=0 unresolved=0 dynamic=0
crates/mq-lang/modules/table.mq: syntax=0 type=0 unresolved=0 dynamic=0
crates/mq-lang/modules/table_test.mq: syntax=0 type=0 unresolved=0 dynamic=0
crates/mq-lang/modules/test.mq: syntax=0 type=3 unresolved=0 dynamic=0
  typechecker::type_mismatch
  typechecker::type_mismatch
  typechecker::unification_error
crates/mq-lang/modules/toml.mq: syntax=0 type=0 unresolved=0 dynamic=0
crates/mq-lang/modules/toml_test.mq: syntax=0 type=0 unresolved=0 dynamic=0
crates/mq-lang/modules/toon.mq: syntax=0 type=0 unresolved=0 dynamic=0
crates/mq-lang/modules/toon_test.mq: syntax=0 type=0 unresolved=0 dynamic=0
crates/mq-lang/modules/xml.mq: syntax=0 type=0 unresolved=0 dynamic=0
crates/mq-lang/modules/xml_test.mq: syntax=0 type=0 unresolved=0 dynamic=0
crates/mq-lang/modules/yaml.mq: syntax=0 type=0 unresolved=0 dynamic=0
crates/mq-lang/modules/yaml_test.mq: syntax=0 type=3 unresolved=0 dynamic=0
  typechecker::type_mismatch
  typechecker::type_mismatch
  typechecker::type_mismatch
scripts/bump_version.mq: syntax=0 type=0 unresolved=0 dynamic=0
scripts/sitemap.mq: syntax=0 type=0 unresolved=0 dynamic=0
TOTAL: type=26 unresolved=535 dynamic=18
